[webcotheme.com/honour/demo2/hon001/index.html]
[backblue.gif]
[fade.gif]
[index.html]
[webcotheme.com/honour/demo2/hon001/images/favicon.png]
[webcotheme.com/honour/demo2/hon001/images/newsletter-icon.png]
[webcotheme.com/honour/demo2/hon001/images/logo.png]
[webcotheme.com/honour/demo2/hon001/shop.html]
[webcotheme.com/honour/demo2/hon001/images/drop_banner.jpg]
[webcotheme.com/honour/demo2/hon001/about.html]
[webcotheme.com/honour/demo2/hon001/account.html]
[webcotheme.com/honour/demo2/hon001/checkout.html]
[webcotheme.com/honour/demo2/hon001/contact.html]
[webcotheme.com/honour/demo2/hon001/404.html]
[webcotheme.com/honour/demo2/hon001/blog.html]
[webcotheme.com/honour/demo2/hon001/single-blog.html]
[webcotheme.com/honour/demo2/hon001/login.html]
[webcotheme.com/honour/demo2/hon001/register.html]
[webcotheme.com/honour/demo2/hon001/images/1.jpg]
[webcotheme.com/honour/demo2/hon001/images/2.jpg]
[webcotheme.com/honour/demo2/hon001/cart.html]
[webcotheme.com/honour/demo2/hon001/images/banner1.jpg]
[webcotheme.com/honour/demo2/hon001/images/banner2.jpg]
[webcotheme.com/honour/demo2/hon001/images/sub-banner1.jpg]
[webcotheme.com/honour/demo2/hon001/images/sub-banner2.jpg]
[webcotheme.com/honour/demo2/hon001/images/sub-banner3.jpg]
[webcotheme.com/honour/demo2/hon001/product-page.html]
[webcotheme.com/honour/demo2/hon001/images/3.jpg]
[webcotheme.com/honour/demo2/hon001/images/4.jpg]
[webcotheme.com/honour/demo2/hon001/images/5.jpg]
[webcotheme.com/honour/demo2/hon001/images/7.jpg]
[webcotheme.com/honour/demo2/hon001/images/8.jpg]
[webcotheme.com/honour/demo2/hon001/images/9.jpg]
[webcotheme.com/honour/demo2/hon001/images/10.jpg]
[webcotheme.com/honour/demo2/hon001/images/11.jpg]
[webcotheme.com/honour/demo2/hon001/images/12.jpg]
[webcotheme.com/honour/demo2/hon001/images/blog_img1.jpg]
[webcotheme.com/honour/demo2/hon001/images/blog_img2.jpg]
[webcotheme.com/honour/demo2/hon001/images/blog_img3.jpg]
[webcotheme.com/honour/demo2/hon001/images/brand1.jpg]
[webcotheme.com/honour/demo2/hon001/images/brand2.jpg]
[webcotheme.com/honour/demo2/hon001/images/brand3.jpg]
[webcotheme.com/honour/demo2/hon001/images/brand4.jpg]
[webcotheme.com/honour/demo2/hon001/images/brand5.jpg]
[webcotheme.com/honour/demo2/hon001/images/brand6.jpg]
[webcotheme.com/honour/demo2/hon001/images/brand7.jpg]
[webcotheme.com/honour/demo2/hon001/images/footer-logo.png]
[webcotheme.com/honour/demo2/hon001/js/jquery-1.12.3.min.js]
[webcotheme.com/honour/demo2/hon001/js/bootstrap.min.js]
[webcotheme.com/honour/demo2/hon001/js/jquery-ui.min.js]
[webcotheme.com/honour/demo2/hon001/js/fotorama.js]
[webcotheme.com/honour/demo2/hon001/js/jquery.magnific-popup.js]
[webcotheme.com/honour/demo2/hon001/js/owl.carousel.min.js]
[webcotheme.com/honour/demo2/hon001/js/custom.js]
[webcotheme.com/honour/demo2/hon001/index.html]
[webcotheme.com/honour/demo2/hon001/fonts/fontawesome-webfont914c.eot]
[webcotheme.com/honour/demo2/hon001/fonts/fontawesome-webfontd41d.eot]
[webcotheme.com/honour/demo2/hon001/fonts/fontawesome-webfont914c.woff]
[webcotheme.com/honour/demo2/hon001/fonts/fontawesome-webfont914c.ttf]
[webcotheme.com/honour/demo2/hon001/css/font-awesome.min.css]
[webcotheme.com/honour/demo2/hon001/css/bootstrap.css]
[webcotheme.com/honour/demo2/hon001/css/jquery-ui.css]
[webcotheme.com/honour/demo2/hon001/css/owl.carousel.css]
[webcotheme.com/honour/demo2/hon001/css/fotorama.css]
[webcotheme.com/honour/demo2/hon001/css/magnific-popup.css]
[webcotheme.com/honour/demo2/hon001/images/Preloader_2.gif]
[webcotheme.com/honour/demo2/hon001/images/select-icon.png]
[webcotheme.com/honour/demo2/hon001/images/popup.jpg]
[webcotheme.com/honour/demo2/hon001/images/sprite.png]
[webcotheme.com/honour/demo2/hon001/images/inner-banner.jpg]
[webcotheme.com/honour/demo2/hon001/images/shipping_bg.jpg]
[webcotheme.com/honour/demo2/hon001/images/shipping_icon.png]
[webcotheme.com/honour/demo2/hon001/images/newsletter_bg.jpg]
[webcotheme.com/honour/demo2/hon001/images/perellex.jpg]
[webcotheme.com/honour/demo2/hon001/images/grid-list.png]
[webcotheme.com/honour/demo2/hon001/images/404-bg.jpg]
[webcotheme.com/honour/demo2/hon001/css/custom.css]
[webcotheme.com/honour/demo2/hon001/css/responsive.css]
[webcotheme.com/honour/demo2/hon001/images/apple-touch-icon.html]
[webcotheme.com/honour/demo2/hon001/images/apple-touch-icon-72x72.html]
[webcotheme.com/honour/demo2/hon001/images/apple-touch-icon-114x114.html]
[webcotheme.com/honour/demo2/hon001/images/left-banner.jpg]
[webcotheme.com/honour/demo2/hon001/shop.html]
[webcotheme.com/honour/demo2/hon001/shop-list.html]
[webcotheme.com/honour/demo2/hon001/images/about-honour.jpg]
[webcotheme.com/honour/demo2/hon001/images/about-honour2.jpg]
[webcotheme.com/honour/demo2/hon001/about.html]
[webcotheme.com/honour/demo2/hon001/account.html]
[webcotheme.com/honour/demo2/hon001/order-overview.html]
[webcotheme.com/honour/demo2/hon001/payment.html]
[webcotheme.com/honour/demo2/hon001/checkout.html]
[webcotheme.com/honour/demo2/hon001/contact.html]
[webcotheme.com/honour/demo2/hon001/404.html]
[webcotheme.com/honour/demo2/hon001/order-complete.html]
[webcotheme.com/honour/demo2/hon001/images/blog_img4.jpg]
[webcotheme.com/honour/demo2/hon001/images/blog_img5.jpg]
[webcotheme.com/honour/demo2/hon001/blog.html]
[webcotheme.com/honour/demo2/hon001/images/comment-user.jpg]
[webcotheme.com/honour/demo2/hon001/single-blog.html]
[webcotheme.com/honour/demo2/hon001/login.html]
[webcotheme.com/honour/demo2/hon001/register.html]
[webcotheme.com/honour/demo2/hon001/cart.html]
[webcotheme.com/honour/demo2/hon001/product-page.html]
[webcotheme.com/honour/demo2/hon001/fonts/fontawesome-webfont914c.html]
[webcotheme.com/honour/demo2/hon001/fonts/fontawesome-webfont914c.svg]
[webcotheme.com/honour/demo2/hon001/fonts/glyphicons-halflings-regular.html]
[webcotheme.com/honour/demo2/hon001/fonts/glyphicons-halflings-regulard41d.html]
[webcotheme.com/honour/demo2/hon001/fonts/glyphicons-halflings-regular-2.html]
[webcotheme.com/honour/demo2/hon001/fonts/glyphicons-halflings-regular-3.html]
[webcotheme.com/honour/demo2/hon001/fonts/glyphicons-halflings-regular-4.html]
[webcotheme.com/honour/demo2/hon001/fonts/glyphicons-halflings-regular-5.html]
[webcotheme.com/honour/demo2/hon001/css/images/ui-bg_highlight-soft_100_eeeeee_1x100.html]
[webcotheme.com/honour/demo2/hon001/css/images/ui-bg_gloss-wave_35_f6a828_500x100.html]
[webcotheme.com/honour/demo2/hon001/css/images/ui-bg_glass_100_dcbd71_1x400.html]
[webcotheme.com/honour/demo2/hon001/css/images/ui-bg_glass_65_dcbd71_1x400.html]
[webcotheme.com/honour/demo2/hon001/css/images/ui-bg_highlight-soft_75_ffe45c_1x100.html]
[webcotheme.com/honour/demo2/hon001/css/images/ui-bg_diagonals-thick_18_b81900_40x40.html]
[webcotheme.com/honour/demo2/hon001/css/images/ui-icons_222222_256x240.html]
[webcotheme.com/honour/demo2/hon001/css/images/ui-icons_ffffff_256x240.html]
[webcotheme.com/honour/demo2/hon001/css/images/ui-icons_ef8c08_256x240.html]
[webcotheme.com/honour/demo2/hon001/css/images/ui-icons_228ef1_256x240.html]
[webcotheme.com/honour/demo2/hon001/css/images/ui-icons_ffd27a_256x240.html]
[webcotheme.com/honour/demo2/hon001/css/images/ui-bg_diagonals-thick_20_666666_40x40.html]
[webcotheme.com/honour/demo2/hon001/css/images/ui-bg_flat_10_000000_40x100.html]
[webcotheme.com/honour/demo2/hon001/css/grabbing.html]
[webcotheme.com/honour/demo2/hon001/css/fotorama.html]
[webcotheme.com/honour/demo2/hon001/css/fotorama@2x.html]
[webcotheme.com/honour/demo2/hon001/shop-list.html]
[webcotheme.com/honour/demo2/hon001/order-overview.html]
[webcotheme.com/honour/demo2/hon001/images/paypal-img.png]
[webcotheme.com/honour/demo2/hon001/images/payment-method.png]
[webcotheme.com/honour/demo2/hon001/payment.html]
[webcotheme.com/honour/demo2/hon001/order-complete.html]
[webcotheme.com/honour/demo2/hon001/images/6.html]
